Archive member included to satisfy reference by file (symbol)

c:/ac6/systemworkbench/plugins/fr.ac6.mcu.externaltools.arm-none.win32_1.17.0.201812190825/tools/compiler/bin/../lib/gcc/arm-none-eabi/7.3.1/../../../../arm-none-eabi/lib/thumb/v7e-m/fpv4-sp/hard\libc.a(lib_a-errno.o)
                              src/syscalls.o (__errno)
c:/ac6/systemworkbench/plugins/fr.ac6.mcu.externaltools.arm-none.win32_1.17.0.201812190825/tools/compiler/bin/../lib/gcc/arm-none-eabi/7.3.1/../../../../arm-none-eabi/lib/thumb/v7e-m/fpv4-sp/hard\libc.a(lib_a-exit.o)
                              c:/ac6/systemworkbench/plugins/fr.ac6.mcu.externaltools.arm-none.win32_1.17.0.201812190825/tools/compiler/bin/../lib/gcc/arm-none-eabi/7.3.1/../../../../arm-none-eabi/lib/thumb/v7e-m/fpv4-sp/hard/crt0.o (exit)
c:/ac6/systemworkbench/plugins/fr.ac6.mcu.externaltools.arm-none.win32_1.17.0.201812190825/tools/compiler/bin/../lib/gcc/arm-none-eabi/7.3.1/../../../../arm-none-eabi/lib/thumb/v7e-m/fpv4-sp/hard\libc.a(lib_a-impure.o)
                              c:/ac6/systemworkbench/plugins/fr.ac6.mcu.externaltools.arm-none.win32_1.17.0.201812190825/tools/compiler/bin/../lib/gcc/arm-none-eabi/7.3.1/../../../../arm-none-eabi/lib/thumb/v7e-m/fpv4-sp/hard\libc.a(lib_a-exit.o) (_global_impure_ptr)
c:/ac6/systemworkbench/plugins/fr.ac6.mcu.externaltools.arm-none.win32_1.17.0.201812190825/tools/compiler/bin/../lib/gcc/arm-none-eabi/7.3.1/../../../../arm-none-eabi/lib/thumb/v7e-m/fpv4-sp/hard\libc.a(lib_a-init.o)
                              c:/ac6/systemworkbench/plugins/fr.ac6.mcu.externaltools.arm-none.win32_1.17.0.201812190825/tools/compiler/bin/../lib/gcc/arm-none-eabi/7.3.1/../../../../arm-none-eabi/lib/thumb/v7e-m/fpv4-sp/hard/crt0.o (__libc_init_array)
c:/ac6/systemworkbench/plugins/fr.ac6.mcu.externaltools.arm-none.win32_1.17.0.201812190825/tools/compiler/bin/../lib/gcc/arm-none-eabi/7.3.1/../../../../arm-none-eabi/lib/thumb/v7e-m/fpv4-sp/hard\libc.a(lib_a-memcpy.o)
                              FreeRTOS/org/Source/queue.o (memcpy)
c:/ac6/systemworkbench/plugins/fr.ac6.mcu.externaltools.arm-none.win32_1.17.0.201812190825/tools/compiler/bin/../lib/gcc/arm-none-eabi/7.3.1/../../../../arm-none-eabi/lib/thumb/v7e-m/fpv4-sp/hard\libc.a(lib_a-memset.o)
                              c:/ac6/systemworkbench/plugins/fr.ac6.mcu.externaltools.arm-none.win32_1.17.0.201812190825/tools/compiler/bin/../lib/gcc/arm-none-eabi/7.3.1/../../../../arm-none-eabi/lib/thumb/v7e-m/fpv4-sp/hard/crt0.o (memset)
c:/ac6/systemworkbench/plugins/fr.ac6.mcu.externaltools.arm-none.win32_1.17.0.201812190825/tools/compiler/bin/../lib/gcc/arm-none-eabi/7.3.1/../../../../arm-none-eabi/lib/thumb/v7e-m/fpv4-sp/hard\libc.a(lib_a-__call_atexit.o)
                              c:/ac6/systemworkbench/plugins/fr.ac6.mcu.externaltools.arm-none.win32_1.17.0.201812190825/tools/compiler/bin/../lib/gcc/arm-none-eabi/7.3.1/../../../../arm-none-eabi/lib/thumb/v7e-m/fpv4-sp/hard\libc.a(lib_a-exit.o) (__call_exitprocs)
c:/ac6/systemworkbench/plugins/fr.ac6.mcu.externaltools.arm-none.win32_1.17.0.201812190825/tools/compiler/bin/../lib/gcc/arm-none-eabi/7.3.1/../../../../arm-none-eabi/lib/thumb/v7e-m/fpv4-sp/hard\libc.a(lib_a-atexit.o)
                              c:/ac6/systemworkbench/plugins/fr.ac6.mcu.externaltools.arm-none.win32_1.17.0.201812190825/tools/compiler/bin/../lib/gcc/arm-none-eabi/7.3.1/../../../../arm-none-eabi/lib/thumb/v7e-m/fpv4-sp/hard\libc.a(lib_a-__call_atexit.o) (atexit)
c:/ac6/systemworkbench/plugins/fr.ac6.mcu.externaltools.arm-none.win32_1.17.0.201812190825/tools/compiler/bin/../lib/gcc/arm-none-eabi/7.3.1/../../../../arm-none-eabi/lib/thumb/v7e-m/fpv4-sp/hard\libc.a(lib_a-fini.o)
                              c:/ac6/systemworkbench/plugins/fr.ac6.mcu.externaltools.arm-none.win32_1.17.0.201812190825/tools/compiler/bin/../lib/gcc/arm-none-eabi/7.3.1/../../../../arm-none-eabi/lib/thumb/v7e-m/fpv4-sp/hard\libc.a(lib_a-__call_atexit.o) (__libc_fini_array)
c:/ac6/systemworkbench/plugins/fr.ac6.mcu.externaltools.arm-none.win32_1.17.0.201812190825/tools/compiler/bin/../lib/gcc/arm-none-eabi/7.3.1/../../../../arm-none-eabi/lib/thumb/v7e-m/fpv4-sp/hard\libc.a(lib_a-lock.o)
                              c:/ac6/systemworkbench/plugins/fr.ac6.mcu.externaltools.arm-none.win32_1.17.0.201812190825/tools/compiler/bin/../lib/gcc/arm-none-eabi/7.3.1/../../../../arm-none-eabi/lib/thumb/v7e-m/fpv4-sp/hard\libc.a(lib_a-__call_atexit.o) (__retarget_lock_acquire_recursive)
c:/ac6/systemworkbench/plugins/fr.ac6.mcu.externaltools.arm-none.win32_1.17.0.201812190825/tools/compiler/bin/../lib/gcc/arm-none-eabi/7.3.1/../../../../arm-none-eabi/lib/thumb/v7e-m/fpv4-sp/hard\libc.a(lib_a-__atexit.o)
                              c:/ac6/systemworkbench/plugins/fr.ac6.mcu.externaltools.arm-none.win32_1.17.0.201812190825/tools/compiler/bin/../lib/gcc/arm-none-eabi/7.3.1/../../../../arm-none-eabi/lib/thumb/v7e-m/fpv4-sp/hard\libc.a(lib_a-atexit.o) (__register_exitproc)

Allocating common symbols
[...]
Memory Configuration

Name             Origin             Length             Attributes
FLASH            0x08000000         0x00010000         xr
RAM              0x20000000         0x00003000         xrw
MEMORY_B1        0x60000000         0x00000000         xr
CCMRAM           0x10000000         0x00001000         rw
*default*        0x00000000         0xffffffff

Linker script and memory map

LOAD c:/ac6/systemworkbench/plugins/fr.ac6.mcu.externaltools.arm-none.win32_1.17.0.201812190825/tools/compiler/bin/../lib/gcc/arm-none-eabi/7.3.1/thumb/v7e-m/fpv4-sp/hard/crti.o
LOAD c:/ac6/systemworkbench/plugins/fr.ac6.mcu.externaltools.arm-none.win32_1.17.0.201812190825/tools/compiler/bin/../lib/gcc/arm-none-eabi/7.3.1/thumb/v7e-m/fpv4-sp/hard/crtbegin.o
LOAD c:/ac6/systemworkbench/plugins/fr.ac6.mcu.externaltools.arm-none.win32_1.17.0.201812190825/tools/compiler/bin/../lib/gcc/arm-none-eabi/7.3.1/../../../../arm-none-eabi/lib/thumb/v7e-m/fpv4-sp/hard/crt0.o
LOAD FreeRTOS/org/Source/croutine.o
LOAD FreeRTOS/org/Source/event_groups.o
LOAD FreeRTOS/org/Source/list.o
LOAD FreeRTOS/org/Source/queue.o
LOAD FreeRTOS/org/Source/stream_buffer.o
LOAD FreeRTOS/org/Source/tasks.o
LOAD FreeRTOS/org/Source/timers.o
LOAD FreeRTOS/org/Source/portable/GCC/ARM_CM4F/port.o
LOAD FreeRTOS/org/Source/portable/MemMang/heap_4.o
LOAD StdPeriph_Driver/src/stm32f30x_adc.o
LOAD StdPeriph_Driver/src/stm32f30x_can.o
LOAD StdPeriph_Driver/src/stm32f30x_comp.o
LOAD StdPeriph_Driver/src/stm32f30x_crc.o
LOAD StdPeriph_Driver/src/stm32f30x_dac.o
LOAD StdPeriph_Driver/src/stm32f30x_dbgmcu.o
LOAD StdPeriph_Driver/src/stm32f30x_dma.o
LOAD StdPeriph_Driver/src/stm32f30x_exti.o
LOAD StdPeriph_Driver/src/stm32f30x_flash.o
LOAD StdPeriph_Driver/src/stm32f30x_gpio.o
LOAD StdPeriph_Driver/src/stm32f30x_hrtim.o
LOAD StdPeriph_Driver/src/stm32f30x_i2c.o
LOAD StdPeriph_Driver/src/stm32f30x_iwdg.o
LOAD StdPeriph_Driver/src/stm32f30x_misc.o
LOAD StdPeriph_Driver/src/stm32f30x_opamp.o
LOAD StdPeriph_Driver/src/stm32f30x_pwr.o
LOAD StdPeriph_Driver/src/stm32f30x_rcc.o
LOAD StdPeriph_Driver/src/stm32f30x_rtc.o
LOAD StdPeriph_Driver/src/stm32f30x_spi.o
LOAD StdPeriph_Driver/src/stm32f30x_syscfg.o
LOAD StdPeriph_Driver/src/stm32f30x_tim.o
LOAD StdPeriph_Driver/src/stm32f30x_usart.o
LOAD StdPeriph_Driver/src/stm32f30x_wwdg.o
LOAD Utilities/stm32f3348_discovery.o
LOAD src/main.o
LOAD src/syscalls.o
LOAD src/system_stm32f30x.o
LOAD startup/startup_stm32f334x8.o
LOAD c:/ac6/systemworkbench/plugins/fr.ac6.mcu.externaltools.arm-none.win32_1.17.0.201812190825/tools/compiler/bin/../lib/gcc/arm-none-eabi/7.3.1/../../../../arm-none-eabi/lib/thumb/v7e-m/fpv4-sp/hard\libm.a
START GROUP
LOAD c:/ac6/systemworkbench/plugins/fr.ac6.mcu.externaltools.arm-none.win32_1.17.0.201812190825/tools/compiler/bin/../lib/gcc/arm-none-eabi/7.3.1/thumb/v7e-m/fpv4-sp/hard\libgcc.a
LOAD c:/ac6/systemworkbench/plugins/fr.ac6.mcu.externaltools.arm-none.win32_1.17.0.201812190825/tools/compiler/bin/../lib/gcc/arm-none-eabi/7.3.1/../../../../arm-none-eabi/lib/thumb/v7e-m/fpv4-sp/hard\libc.a
END GROUP
LOAD c:/ac6/systemworkbench/plugins/fr.ac6.mcu.externaltools.arm-none.win32_1.17.0.201812190825/tools/compiler/bin/../lib/gcc/arm-none-eabi/7.3.1/thumb/v7e-m/fpv4-sp/hard/crtend.o
LOAD c:/ac6/systemworkbench/plugins/fr.ac6.mcu.externaltools.arm-none.win32_1.17.0.201812190825/tools/compiler/bin/../lib/gcc/arm-none-eabi/7.3.1/thumb/v7e-m/fpv4-sp/hard/crtn.o
                0x20003000                _estack = 0x20003000
                0x00000200                _Min_Heap_Size = 0x200
                0x00000400                _Min_Stack_Size = 0x400

.isr_vector     0x08000000      0x188
                0x08000000                . = ALIGN (0x4)
 *(.isr_vector)
 .isr_vector    0x08000000      0x188 startup/startup_stm32f334x8.o
                0x08000000                g_pfnVectors
                0x08000188                . = ALIGN (0x4)

.text           0x08000190      0x8c4
                0x08000190                . = ALIGN (0x4)
 *(.text)
 .text          0x08000190       0x40 c:/ac6/systemworkbench/plugins/fr.ac6.mcu.externaltools.arm-none.win32_1.17.0.201812190825/tools/compiler/bin/../lib/gcc/arm-none-eabi/7.3.1/thumb/v7e-m/fpv4-sp/hard/crtbegin.o
 *(.text*)
 .text.vListInsertEnd
                0x080001d0       0x48 FreeRTOS/org/Source/list.o
                0x080001d0                vListInsertEnd
 .text.uxListRemove
                0x08000218       0x54 FreeRTOS/org/Source/list.o
                0x08000218                uxListRemove
 .text.xTaskIncrementTick
                0x0800026c      0x170 FreeRTOS/org/Source/tasks.o
                0x0800026c                xTaskIncrementTick
 .text.vTaskSwitchContext
                0x080003dc       0xb4 FreeRTOS/org/Source/tasks.o
                0x080003dc                vTaskSwitchContext
 .text.prvResetNextTaskUnblockTime
                0x08000490       0x40 FreeRTOS/org/Source/tasks.o
 .text.SVC_Handler
                0x080004d0       0x28 FreeRTOS/org/Source/portable/GCC/ARM_CM4F/port.o
                0x080004d0                SVC_Handler
 *fill*         0x080004f8        0x8 
 .text.PendSV_Handler
                0x08000500       0x68 FreeRTOS/org/Source/portable/GCC/ARM_CM4F/port.o
                0x08000500                PendSV_Handler
 .text.SysTick_Handler
                0x08000568       0x40 FreeRTOS/org/Source/portable/GCC/ARM_CM4F/port.o
                0x08000568                SysTick_Handler
 .text.RCC_DeInit
                0x080005a8       0x7c StdPeriph_Driver/src/stm32f30x_rcc.o
                0x080005a8                RCC_DeInit
 .text.main     0x08000624        0xe src/main.o
                0x08000624                main
 *fill*         0x08000632        0x2 
 .text.SystemInit
                0x08000634       0x94 src/system_stm32f30x.o
                0x08000634                SystemInit
 .text.SystemCoreClockUpdate
                0x080006c8       0xd8 src/system_stm32f30x.o
                0x080006c8                SystemCoreClockUpdate
 .text.SetSysClock
                0x080007a0       0xe4 src/system_stm32f30x.o
 .text.Reset_Handler
                0x08000884       0x50 startup/startup_stm32f334x8.o
                0x08000884                Reset_Handler
 .text.Default_Handler
                0x080008d4        0x2 startup/startup_stm32f334x8.o
                0x080008d4                RTC_Alarm_IRQHandler
                0x080008d4                HRTIM1_Master_IRQHandler
                0x080008d4                DebugMon_Handler
                0x080008d4                TIM1_CC_IRQHandler
                0x080008d4                HardFault_Handler
                0x080008d4                HRTIM1_FLT_IRQHandler
                0x080008d4                PVD_IRQHandler
                0x080008d4                HRTIM1_TIMD_IRQHandler
                0x080008d4                NMI_Handler
                0x080008d4                EXTI3_IRQHandler
                0x080008d4                EXTI0_IRQHandler
                0x080008d4                CAN1_RX0_IRQHandler
                0x080008d4                FPU_IRQHandler
                0x080008d4                EXTI2_TS_IRQHandler
                0x080008d4                TIM1_UP_TIM16_IRQHandler
                0x080008d4                UsageFault_Handler
                0x080008d4                ADC1_2_IRQHandler
                0x080008d4                HRTIM1_TIME_IRQHandler
                0x080008d4                SPI1_IRQHandler
                0x080008d4                HRTIM1_TIMC_IRQHandler
                0x080008d4                DMA1_Channel4_IRQHandler
                0x080008d4                USART3_IRQHandler
                0x080008d4                DMA1_Channel7_IRQHandler
                0x080008d4                TIM7_DAC2_IRQHandler
                0x080008d4                CAN1_RX1_IRQHandler
                0x080008d4                I2C1_EV_IRQHandler
                0x080008d4                DMA1_Channel6_IRQHandler
                0x080008d4                TIM3_IRQHandler
                0x080008d4                RCC_IRQHandler
                0x080008d4                DMA1_Channel1_IRQHandler
                0x080008d4                Default_Handler
                0x080008d4                EXTI15_10_IRQHandler
                0x080008d4                COMP2_IRQHandler
                0x080008d4                HRTIM1_TIMA_IRQHandler
                0x080008d4                TIM6_DAC1_IRQHandler
                0x080008d4                EXTI9_5_IRQHandler
                0x080008d4                TAMPER_STAMP_IRQHandler
                0x080008d4                RTC_WKUP_IRQHandler
                0x080008d4                MemManage_Handler
                0x080008d4                CAN1_TX_IRQHandler
                0x080008d4                DMA1_Channel5_IRQHandler
                0x080008d4                EXTI4_IRQHandler
                0x080008d4                HRTIM1_TIMB_IRQHandler
                0x080008d4                TIM1_TRG_COM_TIM17_IRQHandler
                0x080008d4                DMA1_Channel3_IRQHandler
                0x080008d4                WWDG_IRQHandler
                0x080008d4                TIM2_IRQHandler
                0x080008d4                EXTI1_IRQHandler
                0x080008d4                COMP4_6_IRQHandler
                0x080008d4                USART2_IRQHandler
                0x080008d4                DMA1_Channel2_IRQHandler
                0x080008d4                CAN1_SCE_IRQHandler
                0x080008d4                FLASH_IRQHandler
                0x080008d4                BusFault_Handler
                0x080008d4                USART1_IRQHandler
                0x080008d4                I2C1_ER_IRQHandler
                0x080008d4                TIM1_BRK_TIM15_IRQHandler
 *fill*         0x080008d6        0x2 
 .text.__libc_init_array
                0x080008d8       0x48 c:/ac6/systemworkbench/plugins/fr.ac6.mcu.externaltools.arm-none.win32_1.17.0.201812190825/tools/compiler/bin/../lib/gcc/arm-none-eabi/7.3.1/../../../../arm-none-eabi/lib/thumb/v7e-m/fpv4-sp/hard\libc.a(lib_a-init.o)
                0x080008d8                __libc_init_array
 .text.startup.register_fini
                0x08000920       0x14 c:/ac6/systemworkbench/plugins/fr.ac6.mcu.externaltools.arm-none.win32_1.17.0.201812190825/tools/compiler/bin/../lib/gcc/arm-none-eabi/7.3.1/../../../../arm-none-eabi/lib/thumb/v7e-m/fpv4-sp/hard\libc.a(lib_a-__call_atexit.o)
 .text.atexit   0x08000934        0xc c:/ac6/systemworkbench/plugins/fr.ac6.mcu.externaltools.arm-none.win32_1.17.0.201812190825/tools/compiler/bin/../lib/gcc/arm-none-eabi/7.3.1/../../../../arm-none-eabi/lib/thumb/v7e-m/fpv4-sp/hard\libc.a(lib_a-atexit.o)
                0x08000934                atexit
 .text.__libc_fini_array
                0x08000940       0x34 c:/ac6/systemworkbench/plugins/fr.ac6.mcu.externaltools.arm-none.win32_1.17.0.201812190825/tools/compiler/bin/../lib/gcc/arm-none-eabi/7.3.1/../../../../arm-none-eabi/lib/thumb/v7e-m/fpv4-sp/hard\libc.a(lib_a-fini.o)
                0x08000940                __libc_fini_array
 .text.__retarget_lock_acquire_recursive
                0x08000974        0x4 c:/ac6/systemworkbench/plugins/fr.ac6.mcu.externaltools.arm-none.win32_1.17.0.201812190825/tools/compiler/bin/../lib/gcc/arm-none-eabi/7.3.1/../../../../arm-none-eabi/lib/thumb/v7e-m/fpv4-sp/hard\libc.a(lib_a-lock.o)
                0x08000974                __retarget_lock_acquire_recursive
 .text.__retarget_lock_release_recursive
                0x08000978        0x4 c:/ac6/systemworkbench/plugins/fr.ac6.mcu.externaltools.arm-none.win32_1.17.0.201812190825/tools/compiler/bin/../lib/gcc/arm-none-eabi/7.3.1/../../../../arm-none-eabi/lib/thumb/v7e-m/fpv4-sp/hard\libc.a(lib_a-lock.o)
                0x08000978                __retarget_lock_release_recursive
 .text.__register_exitproc
                0x0800097c       0xc0 c:/ac6/systemworkbench/plugins/fr.ac6.mcu.externaltools.arm-none.win32_1.17.0.201812190825/tools/compiler/bin/../lib/gcc/arm-none-eabi/7.3.1/../../../../arm-none-eabi/lib/thumb/v7e-m/fpv4-sp/hard\libc.a(lib_a-__atexit.o)
                0x0800097c                __register_exitproc
 *(.glue_7)
 .glue_7        0x08000a3c        0x0 linker stubs
 *(.glue_7t)
 .glue_7t       0x08000a3c        0x0 linker stubs
 *(.eh_frame)
 .eh_frame      0x08000a3c        0x0 c:/ac6/systemworkbench/plugins/fr.ac6.mcu.externaltools.arm-none.win32_1.17.0.201812190825/tools/compiler/bin/../lib/gcc/arm-none-eabi/7.3.1/thumb/v7e-m/fpv4-sp/hard/crtbegin.o
 *(.init)
 .init          0x08000a3c        0x4 c:/ac6/systemworkbench/plugins/fr.ac6.mcu.externaltools.arm-none.win32_1.17.0.201812190825/tools/compiler/bin/../lib/gcc/arm-none-eabi/7.3.1/thumb/v7e-m/fpv4-sp/hard/crti.o
                0x08000a3c                _init
 .init          0x08000a40        0x8 c:/ac6/systemworkbench/plugins/fr.ac6.mcu.externaltools.arm-none.win32_1.17.0.201812190825/tools/compiler/bin/../lib/gcc/arm-none-eabi/7.3.1/thumb/v7e-m/fpv4-sp/hard/crtn.o
 *(.fini)
 .fini          0x08000a48        0x4 c:/ac6/systemworkbench/plugins/fr.ac6.mcu.externaltools.arm-none.win32_1.17.0.201812190825/tools/compiler/bin/../lib/gcc/arm-none-eabi/7.3.1/thumb/v7e-m/fpv4-sp/hard/crti.o
                0x08000a48                _fini
 .fini          0x08000a4c        0x8 c:/ac6/systemworkbench/plugins/fr.ac6.mcu.externaltools.arm-none.win32_1.17.0.201812190825/tools/compiler/bin/../lib/gcc/arm-none-eabi/7.3.1/thumb/v7e-m/fpv4-sp/hard/crtn.o
                0x08000a54                . = ALIGN (0x4)
                0x08000a54                _etext = .

.vfp11_veneer   0x08000a54        0x0
 .vfp11_veneer  0x08000a54        0x0 linker stubs

.v4_bx          0x08000a54        0x0
 .v4_bx         0x08000a54        0x0 linker stubs

.iplt           0x08000a54        0x0
 .iplt          0x08000a54        0x0 c:/ac6/systemworkbench/plugins/fr.ac6.mcu.externaltools.arm-none.win32_1.17.0.201812190825/tools/compiler/bin/../lib/gcc/arm-none-eabi/7.3.1/thumb/v7e-m/fpv4-sp/hard/crtbegin.o

.rodata         0x08000a54        0x4
                0x08000a54                . = ALIGN (0x4)
 *(.rodata)
 *(.rodata*)
 .rodata._global_impure_ptr
                0x08000a54        0x4 c:/ac6/systemworkbench/plugins/fr.ac6.mcu.externaltools.arm-none.win32_1.17.0.201812190825/tools/compiler/bin/../lib/gcc/arm-none-eabi/7.3.1/../../../../arm-none-eabi/lib/thumb/v7e-m/fpv4-sp/hard\libc.a(lib_a-impure.o)
                0x08000a54                _global_impure_ptr
                0x08000a58                . = ALIGN (0x4)

.rel.dyn        0x08000a58        0x0
 .rel.iplt      0x08000a58        0x0 c:/ac6/systemworkbench/plugins/fr.ac6.mcu.externaltools.arm-none.win32_1.17.0.201812190825/tools/compiler/bin/../lib/gcc/arm-none-eabi/7.3.1/thumb/v7e-m/fpv4-sp/hard/crtbegin.o

.ARM.extab
 *(.ARM.extab* .gnu.linkonce.armextab.*)

.ARM            0x08000a58        0x0
                0x08000a58                __exidx_start = .
 *(.ARM.exidx*)
                0x08000a58                __exidx_end = .

.preinit_array  0x08000a58        0x0
                0x08000a58                PROVIDE (__preinit_array_start = .)
 *(.preinit_array*)
                0x08000a58                PROVIDE (__preinit_array_end = .)

.init_array     0x08000a58        0x8
                0x08000a58                PROVIDE (__init_array_start = .)
 *(SORT_BY_NAME(.init_array.*))
 .init_array.00000
                0x08000a58        0x4 c:/ac6/systemworkbench/plugins/fr.ac6.mcu.externaltools.arm-none.win32_1.17.0.201812190825/tools/compiler/bin/../lib/gcc/arm-none-eabi/7.3.1/../../../../arm-none-eabi/lib/thumb/v7e-m/fpv4-sp/hard\libc.a(lib_a-__call_atexit.o)
 *(.init_array*)
 .init_array    0x08000a5c        0x4 c:/ac6/systemworkbench/plugins/fr.ac6.mcu.externaltools.arm-none.win32_1.17.0.201812190825/tools/compiler/bin/../lib/gcc/arm-none-eabi/7.3.1/thumb/v7e-m/fpv4-sp/hard/crtbegin.o
                0x08000a60                PROVIDE (__init_array_end = .)

.fini_array     0x08000a60        0x4
                0x08000a60                PROVIDE (__fini_array_start = .)
 *(SORT_BY_NAME(.fini_array.*))
 *(.fini_array*)
 .fini_array    0x08000a60        0x4 c:/ac6/systemworkbench/plugins/fr.ac6.mcu.externaltools.arm-none.win32_1.17.0.201812190825/tools/compiler/bin/../lib/gcc/arm-none-eabi/7.3.1/thumb/v7e-m/fpv4-sp/hard/crtbegin.o
                0x08000a64                PROVIDE (__fini_array_end = .)
                0x08000a64                _sidata = LOADADDR (.data)

.data           0x20000000      0x444 load address 0x08000a64
                0x20000000                . = ALIGN (0x4)
                0x20000000                _sdata = .
 *(.data)
 .data          0x20000000       0x14 src/system_stm32f30x.o
                0x20000000                SystemCoreClock
                0x20000004                AHBPrescTable
 *(.data*)
 *fill*         0x20000014        0x4 
 .data.impure_data
                0x20000018      0x428 c:/ac6/systemworkbench/plugins/fr.ac6.mcu.externaltools.arm-none.win32_1.17.0.201812190825/tools/compiler/bin/../lib/gcc/arm-none-eabi/7.3.1/../../../../arm-none-eabi/lib/thumb/v7e-m/fpv4-sp/hard\libc.a(lib_a-impure.o)
 .data.__atexit_recursive_mutex
                0x20000440        0x4 c:/ac6/systemworkbench/plugins/fr.ac6.mcu.externaltools.arm-none.win32_1.17.0.201812190825/tools/compiler/bin/../lib/gcc/arm-none-eabi/7.3.1/../../../../arm-none-eabi/lib/thumb/v7e-m/fpv4-sp/hard\libc.a(lib_a-__call_atexit.o)
                0x20000440                __atexit_recursive_mutex
                0x20000444                . = ALIGN (0x4)
                0x20000444                _edata = .
                0x08000ea8                _siccmram = LOADADDR (.ccmram)

.igot.plt       0x20000444        0x0 load address 0x08000ea8
 .igot.plt      0x20000444        0x0 c:/ac6/systemworkbench/plugins/fr.ac6.mcu.externaltools.arm-none.win32_1.17.0.201812190825/tools/compiler/bin/../lib/gcc/arm-none-eabi/7.3.1/thumb/v7e-m/fpv4-sp/hard/crtbegin.o

.ccmram         0x10000000        0x0 load address 0x08000ea8
                0x10000000                . = ALIGN (0x4)
                0x10000000                _sccmram = .
 *(.ccmram)
 *(.ccmram*)
                0x10000000                . = ALIGN (0x4)
                0x10000000                _eccmram = .
                0x10000000                . = ALIGN (0x4)

.bss            0x20000444      0x144
                0x20000444                _sbss = .
                0x20000444                __bss_start__ = _sbss
 *(.bss)
 .bss           0x20000444       0x1c c:/ac6/systemworkbench/plugins/fr.ac6.mcu.externaltools.arm-none.win32_1.17.0.201812190825/tools/compiler/bin/../lib/gcc/arm-none-eabi/7.3.1/thumb/v7e-m/fpv4-sp/hard/crtbegin.o
 .bss           0x20000460      0x104 FreeRTOS/org/Source/tasks.o
                0x20000460                pxCurrentTCB
 *(.bss*)
 *(COMMON)
 COMMON         0x20000564       0x21 c:/ac6/systemworkbench/plugins/fr.ac6.mcu.externaltools.arm-none.win32_1.17.0.201812190825/tools/compiler/bin/../lib/gcc/arm-none-eabi/7.3.1/../../../../arm-none-eabi/lib/thumb/v7e-m/fpv4-sp/hard\libc.a(lib_a-lock.o)
                0x20000564                __lock___atexit_recursive_mutex
                0x20000568                __lock___arc4random_mutex
                0x2000056c                __lock___env_recursive_mutex
                0x20000570                __lock___sinit_recursive_mutex
                0x20000574                __lock___malloc_recursive_mutex
                0x20000578                __lock___at_quick_exit_mutex
                0x2000057c                __lock___dd_hash_mutex
                0x20000580                __lock___tz_mutex
                0x20000584                __lock___sfp_recursive_mutex
                0x20000588                . = ALIGN (0x4)
 *fill*         0x20000585        0x3 
                0x20000588                _ebss = .
                0x20000588                __bss_end__ = _ebss

._user_heap_stack
                0x20000588      0x600
                0x20000588                . = ALIGN (0x8)
                0x20000588                PROVIDE (end = .)
                [!provide]                PROVIDE (_end = .)
                0x20000788                . = (. + _Min_Heap_Size)
 *fill*         0x20000588      0x200 
                0x20000b88                . = (. + _Min_Stack_Size)
 *fill*         0x20000788      0x400 
                0x20000b88                . = ALIGN (0x8)

.memory_b1_text
 *(.mb1text)
 *(.mb1text*)
 *(.mb1rodata)
 *(.mb1rodata*)

/DISCARD/
 libc.a(*)
 libm.a(*)
 libgcc.a(*)

.ARM.attributes
                0x00000000       0x30
 *(.ARM.attributes)
 .ARM.attributes
                0x00000000       0x22 c:/ac6/systemworkbench/plugins/fr.ac6.mcu.externaltools.arm-none.win32_1.17.0.201812190825/tools/compiler/bin/../lib/gcc/arm-none-eabi/7.3.1/thumb/v7e-m/fpv4-sp/hard/crti.o
 .ARM.attributes
                0x00000022       0x34 c:/ac6/systemworkbench/plugins/fr.ac6.mcu.externaltools.arm-none.win32_1.17.0.201812190825/tools/compiler/bin/../lib/gcc/arm-none-eabi/7.3.1/thumb/v7e-m/fpv4-sp/hard/crtbegin.o
 .ARM.attributes
                0x00000056       0x39 FreeRTOS/org/Source/list.o
 .ARM.attributes
                0x0000008f       0x39 FreeRTOS/org/Source/tasks.o
 .ARM.attributes
                0x000000c8       0x39 FreeRTOS/org/Source/portable/GCC/ARM_CM4F/port.o
 .ARM.attributes
                0x00000101       0x39 StdPeriph_Driver/src/stm32f30x_rcc.o
 .ARM.attributes
                0x0000013a       0x39 src/main.o
 .ARM.attributes
                0x00000173       0x39 src/system_stm32f30x.o
 .ARM.attributes
                0x000001ac       0x21 startup/startup_stm32f334x8.o
 .ARM.attributes
                0x000001cd       0x34 c:/ac6/systemworkbench/plugins/fr.ac6.mcu.externaltools.arm-none.win32_1.17.0.201812190825/tools/compiler/bin/../lib/gcc/arm-none-eabi/7.3.1/../../../../arm-none-eabi/lib/thumb/v7e-m/fpv4-sp/hard\libc.a(lib_a-impure.o)
 .ARM.attributes
                0x00000201       0x34 c:/ac6/systemworkbench/plugins/fr.ac6.mcu.externaltools.arm-none.win32_1.17.0.201812190825/tools/compiler/bin/../lib/gcc/arm-none-eabi/7.3.1/../../../../arm-none-eabi/lib/thumb/v7e-m/fpv4-sp/hard\libc.a(lib_a-init.o)
 .ARM.attributes
                0x00000235       0x34 c:/ac6/systemworkbench/plugins/fr.ac6.mcu.externaltools.arm-none.win32_1.17.0.201812190825/tools/compiler/bin/../lib/gcc/arm-none-eabi/7.3.1/../../../../arm-none-eabi/lib/thumb/v7e-m/fpv4-sp/hard\libc.a(lib_a-__call_atexit.o)
 .ARM.attributes
                0x00000269       0x34 c:/ac6/systemworkbench/plugins/fr.ac6.mcu.externaltools.arm-none.win32_1.17.0.201812190825/tools/compiler/bin/../lib/gcc/arm-none-eabi/7.3.1/../../../../arm-none-eabi/lib/thumb/v7e-m/fpv4-sp/hard\libc.a(lib_a-atexit.o)
 .ARM.attributes
                0x0000029d       0x34 c:/ac6/systemworkbench/plugins/fr.ac6.mcu.externaltools.arm-none.win32_1.17.0.201812190825/tools/compiler/bin/../lib/gcc/arm-none-eabi/7.3.1/../../../../arm-none-eabi/lib/thumb/v7e-m/fpv4-sp/hard\libc.a(lib_a-fini.o)
 .ARM.attributes
                0x000002d1       0x34 c:/ac6/systemworkbench/plugins/fr.ac6.mcu.externaltools.arm-none.win32_1.17.0.201812190825/tools/compiler/bin/../lib/gcc/arm-none-eabi/7.3.1/../../../../arm-none-eabi/lib/thumb/v7e-m/fpv4-sp/hard\libc.a(lib_a-lock.o)
 .ARM.attributes
                0x00000305       0x34 c:/ac6/systemworkbench/plugins/fr.ac6.mcu.externaltools.arm-none.win32_1.17.0.201812190825/tools/compiler/bin/../lib/gcc/arm-none-eabi/7.3.1/../../../../arm-none-eabi/lib/thumb/v7e-m/fpv4-sp/hard\libc.a(lib_a-__atexit.o)
 .ARM.attributes
                0x00000339       0x22 c:/ac6/systemworkbench/plugins/fr.ac6.mcu.externaltools.arm-none.win32_1.17.0.201812190825/tools/compiler/bin/../lib/gcc/arm-none-eabi/7.3.1/thumb/v7e-m/fpv4-sp/hard/crtn.o
OUTPUT(HelloWorld.elf elf32-littlearm)

.debug_info     0x00000000     0x48be
 .debug_info    0x00000000      0xadb FreeRTOS/org/Source/list.o
 .debug_info    0x00000adb     0x2712 FreeRTOS/org/Source/tasks.o
 .debug_info    0x000031ed      0x533 FreeRTOS/org/Source/portable/GCC/ARM_CM4F/port.o
 .debug_info    0x00003720      0xb5b StdPeriph_Driver/src/stm32f30x_rcc.o
 .debug_info    0x0000427b      0x15d src/main.o
 .debug_info    0x000043d8      0x4c4 src/system_stm32f30x.o
 .debug_info    0x0000489c       0x22 startup/startup_stm32f334x8.o

.debug_abbrev   0x00000000      0xbe8
 .debug_abbrev  0x00000000      0x205 FreeRTOS/org/Source/list.o
 .debug_abbrev  0x00000205      0x388 FreeRTOS/org/Source/tasks.o
 .debug_abbrev  0x0000058d      0x210 FreeRTOS/org/Source/portable/GCC/ARM_CM4F/port.o
 .debug_abbrev  0x0000079d      0x1fd StdPeriph_Driver/src/stm32f30x_rcc.o
 .debug_abbrev  0x0000099a       0xd0 src/main.o
 .debug_abbrev  0x00000a6a      0x16c src/system_stm32f30x.o
 .debug_abbrev  0x00000bd6       0x12 startup/startup_stm32f334x8.o

.debug_aranges  0x00000000      0x488
 .debug_aranges
                0x00000000       0x40 FreeRTOS/org/Source/list.o
 .debug_aranges
                0x00000040      0x1e8 FreeRTOS/org/Source/tasks.o
 .debug_aranges
                0x00000228       0x80 FreeRTOS/org/Source/portable/GCC/ARM_CM4F/port.o
 .debug_aranges
                0x000002a8      0x158 StdPeriph_Driver/src/stm32f30x_rcc.o
 .debug_aranges
                0x00000400       0x30 src/main.o
 .debug_aranges
                0x00000430       0x30 src/system_stm32f30x.o
 .debug_aranges
                0x00000460       0x28 startup/startup_stm32f334x8.o

.debug_ranges   0x00000000      0x420
 .debug_ranges  0x00000000       0x30 FreeRTOS/org/Source/list.o
 .debug_ranges  0x00000030      0x1d8 FreeRTOS/org/Source/tasks.o
 .debug_ranges  0x00000208       0x70 FreeRTOS/org/Source/portable/GCC/ARM_CM4F/port.o
 .debug_ranges  0x00000278      0x148 StdPeriph_Driver/src/stm32f30x_rcc.o
 .debug_ranges  0x000003c0       0x20 src/main.o
 .debug_ranges  0x000003e0       0x20 src/system_stm32f30x.o
 .debug_ranges  0x00000400       0x20 startup/startup_stm32f334x8.o

.debug_macro    0x00000000     0x136e
 .debug_macro   0x00000000      0x17a FreeRTOS/org/Source/list.o
 .debug_macro   0x0000017a      0x267 FreeRTOS/org/Source/tasks.o
 .debug_macro   0x000003e1       0x10 FreeRTOS/org/Source/tasks.o
 .debug_macro   0x000003f1      0x196 FreeRTOS/org/Source/portable/GCC/ARM_CM4F/port.o
 .debug_macro   0x00000587      0x241 StdPeriph_Driver/src/stm32f30x_rcc.o
 .debug_macro   0x000007c8      0x668 StdPeriph_Driver/src/stm32f30x_rcc.o
 .debug_macro   0x00000e30      0x210 src/main.o
 .debug_macro   0x00001040       0x88 src/main.o
 .debug_macro   0x000010c8      0x106 src/main.o
 .debug_macro   0x000011ce      0x1a0 src/system_stm32f30x.o

.debug_line     0x00000000     0x34da
 .debug_line    0x00000000      0x523 FreeRTOS/org/Source/list.o
 .debug_line    0x00000523     0x115f FreeRTOS/org/Source/tasks.o
 .debug_line    0x00001682      0x656 FreeRTOS/org/Source/portable/GCC/ARM_CM4F/port.o
 .debug_line    0x00001cd8      0x9d7 StdPeriph_Driver/src/stm32f30x_rcc.o
 .debug_line    0x000026af      0x781 src/main.o
 .debug_line    0x00002e30      0x62b src/system_stm32f30x.o
 .debug_line    0x0000345b       0x7f startup/startup_stm32f334x8.o

.debug_str      0x00000000    0x7a060
 .debug_str     0x00000000     0xa18a FreeRTOS/org/Source/list.o
                               0xa3e9 (size before relaxing)
 .debug_str     0x0000a18a     0x231b FreeRTOS/org/Source/tasks.o
                               0xc736 (size before relaxing)
 .debug_str     0x0000c4a5      0x7ef FreeRTOS/org/Source/portable/GCC/ARM_CM4F/port.o
                               0x8583 (size before relaxing)
 .debug_str     0x0000cc94    0x6cff6 StdPeriph_Driver/src/stm32f30x_rcc.o
                              0x70c8e (size before relaxing)
 .debug_str     0x00079c8a      0x2ca src/main.o
                              0x74464 (size before relaxing)
 .debug_str     0x00079f54       0xdd src/system_stm32f30x.o
                              0x702a5 (size before relaxing)
 .debug_str     0x0007a031       0x2f startup/startup_stm32f334x8.o
                                 0x5c (size before relaxing)

.comment        0x00000000       0x7f
 .comment       0x00000000       0x7f FreeRTOS/org/Source/list.o
                                 0x80 (size before relaxing)
 .comment       0x0000007f       0x80 FreeRTOS/org/Source/tasks.o
 .comment       0x0000007f       0x80 FreeRTOS/org/Source/portable/GCC/ARM_CM4F/port.o
 .comment       0x0000007f       0x80 StdPeriph_Driver/src/stm32f30x_rcc.o
 .comment       0x0000007f       0x80 src/main.o
 .comment       0x0000007f       0x80 src/system_stm32f30x.o

.debug_frame    0x00000000     0x13a8
 .debug_frame   0x00000000       0xd8 FreeRTOS/org/Source/list.o
 .debug_frame   0x000000d8      0x854 FreeRTOS/org/Source/tasks.o
 .debug_frame   0x0000092c      0x1a8 FreeRTOS/org/Source/portable/GCC/ARM_CM4F/port.o
 .debug_frame   0x00000ad4      0x634 StdPeriph_Driver/src/stm32f30x_rcc.o
 .debug_frame   0x00001108       0x64 src/main.o
 .debug_frame   0x0000116c       0x7c src/system_stm32f30x.o
 .debug_frame   0x000011e8       0x2c c:/ac6/systemworkbench/plugins/fr.ac6.mcu.externaltools.arm-none.win32_1.17.0.201812190825/tools/compiler/bin/../lib/gcc/arm-none-eabi/7.3.1/../../../../arm-none-eabi/lib/thumb/v7e-m/fpv4-sp/hard\libc.a(lib_a-init.o)
 .debug_frame   0x00001214       0x5c c:/ac6/systemworkbench/plugins/fr.ac6.mcu.externaltools.arm-none.win32_1.17.0.201812190825/tools/compiler/bin/../lib/gcc/arm-none-eabi/7.3.1/../../../../arm-none-eabi/lib/thumb/v7e-m/fpv4-sp/hard\libc.a(lib_a-__call_atexit.o)
 .debug_frame   0x00001270       0x20 c:/ac6/systemworkbench/plugins/fr.ac6.mcu.externaltools.arm-none.win32_1.17.0.201812190825/tools/compiler/bin/../lib/gcc/arm-none-eabi/7.3.1/../../../../arm-none-eabi/lib/thumb/v7e-m/fpv4-sp/hard\libc.a(lib_a-atexit.o)
 .debug_frame   0x00001290       0x34 c:/ac6/systemworkbench/plugins/fr.ac6.mcu.externaltools.arm-none.win32_1.17.0.201812190825/tools/compiler/bin/../lib/gcc/arm-none-eabi/7.3.1/../../../../arm-none-eabi/lib/thumb/v7e-m/fpv4-sp/hard\libc.a(lib_a-fini.o)
 .debug_frame   0x000012c4       0xb0 c:/ac6/systemworkbench/plugins/fr.ac6.mcu.externaltools.arm-none.win32_1.17.0.201812190825/tools/compiler/bin/../lib/gcc/arm-none-eabi/7.3.1/../../../../arm-none-eabi/lib/thumb/v7e-m/fpv4-sp/hard\libc.a(lib_a-lock.o)
 .debug_frame   0x00001374       0x34 c:/ac6/systemworkbench/plugins/fr.ac6.mcu.externaltools.arm-none.win32_1.17.0.201812190825/tools/compiler/bin/../lib/gcc/arm-none-eabi/7.3.1/../../../../arm-none-eabi/lib/thumb/v7e-m/fpv4-sp/hard\libc.a(lib_a-__atexit.o)
